src/database/migrations/1771241568895_create-finance-tables.ts(1,53): error TS2307: Cannot find module 'node-pg-migrate' or its corresponding type declarations.
  There are types at 'C:/Users/MrMahirr/Desktop/AJANS_Projesi/Trivexa_backend/trivexa_backend/node_modules/node-pg-migrate/dist/bundle/index.d.ts', but this result could not be resolved under your current 'moduleResolution' setting. Consider updating to 'node16', 'nodenext', or 'bundler'.
src/database/migrations/1771243216602_create-ledger-tables.ts(1,53): error TS2307: Cannot find module 'node-pg-migrate' or its corresponding type declarations.
  There are types at 'C:/Users/MrMahirr/Desktop/AJANS_Projesi/Trivexa_backend/trivexa_backend/node_modules/node-pg-migrate/dist/bundle/index.d.ts', but this result could not be resolved under your current 'moduleResolution' setting. Consider updating to 'node16', 'nodenext', or 'bundler'.
src/database/migrations/1771245000000_create_contracts_meetings_files.ts(1,34): error TS2307: Cannot find module 'node-pg-migrate' or its corresponding type declarations.
  There are types at 'C:/Users/MrMahirr/Desktop/AJANS_Projesi/Trivexa_backend/trivexa_backend/node_modules/node-pg-migrate/dist/bundle/index.d.ts', but this result could not be resolved under your current 'moduleResolution' setting. Consider updating to 'node16', 'nodenext', or 'bundler'.
src/database/migrations/1771491770923_initial_schema.ts(1,53): error TS2307: Cannot find module 'node-pg-migrate' or its corresponding type declarations.
  There are types at 'C:/Users/MrMahirr/Desktop/AJANS_Projesi/Trivexa_backend/trivexa_backend/node_modules/node-pg-migrate/dist/bundle/index.d.ts', but this result could not be resolved under your current 'moduleResolution' setting. Consider updating to 'node16', 'nodenext', or 'bundler'.
src/database/migrations/1771491809014_add-missing-indexes.ts(1,53): error TS2307: Cannot find module 'node-pg-migrate' or its corresponding type declarations.
  There are types at 'C:/Users/MrMahirr/Desktop/AJANS_Projesi/Trivexa_backend/trivexa_backend/node_modules/node-pg-migrate/dist/bundle/index.d.ts', but this result could not be resolved under your current 'moduleResolution' setting. Consider updating to 'node16', 'nodenext', or 'bundler'.
src/modules/auth/application/usecases/register.usecase.spec.ts(42,15): error TS2741: Property 'role' is missing in type '{ email: string; password: string; firstName: string; lastName: string; department: any; }' but required in type 'CreateUserDto'.
src/modules/auth/application/usecases/register.usecase.spec.ts(63,44): error TS2345: Argument of type '{ passwordHash: string; role: string; is_active: boolean; created_at: Date; updated_at: Date; email: string; password: string; firstName: string; lastName: string; department?: Department; id: string; }' is not assignable to parameter of type 'UserEntity | Promise<UserEntity>'.
  Type '{ passwordHash: string; role: string; is_active: boolean; created_at: Date; updated_at: Date; email: string; password: string; firstName: string; lastName: string; department?: Department; id: string; }' is missing the following properties from type 'UserEntity': isActive, forcePasswordChange, createdAt, updatedAt
src/modules/auth/application/usecases/register.usecase.spec.ts(88,15): error TS2741: Property 'role' is missing in type '{ email: string; password: string; firstName: string; lastName: string; department: any; }' but required in type 'CreateUserDto'.
